src/controllers/authController.ts(21,14): error TS2769: No overload matches this call.
  Overload 1 of 5, '(payload: string | object | Buffer<ArrayBufferLike>, secretOrPrivateKey: null, options?: (SignOptions & { algorithm: "none"; }) | undefined): string', gave the following error.
    Argument of type 'string' is not assignable to parameter of type 'null'.
  Overload 2 of 5, '(payload: string | object | Buffer<ArrayBufferLike>, secretOrPrivateKey: Buffer<ArrayBufferLike> | Secret | PrivateKeyInput | JsonWebKeyInput, options?: SignOptions | undefined): string', gave the following error.
    Type 'string' is not assignable to type 'number | StringValue | undefined'.
  Overload 3 of 5, '(payload: string | object | Buffer<ArrayBufferLike>, secretOrPrivateKey: Buffer<ArrayBufferLike> | Secret | PrivateKeyInput | JsonWebKeyInput, callback: SignCallback): void', gave the following error.
    Object literal may only specify known properties, and 'expiresIn' does not exist in type 'SignCallback'.
src/models/User.ts(43,12): error TS2790: The operand of a 'delete' operator must be optional.
